1-variable.sh
18.backup.sh
2-variable.sh
3-variables.sh
4-variables.sh
5-arrays.sh
6-loops.sh
7-functions.sh
8-colours.sh
9-logsandredirects.sh
logs
output.txt
practice
shell.log
shellscript-logs
1-variable.sh
18.backup.sh
2-variable.sh
3-variables.sh
4-variables.sh
5-arrays.sh
6-loops.sh
7-functions.sh
8-colours.sh
9-logsandredirects.sh
logs
output.txt
practice
shell.log
shellscript-logs
1-variable.sh
18.backup.sh
2-variable.sh
3-variables.sh
4-variables.sh
5-arrays.sh
6-loops.sh
7-functions.sh
8-colours.sh
9-logsandredirects.sh
logs
output.txt
practice
shell.log
[H[2J[3J1-variable.sh
18.backup.sh
2-variable.sh
3-variables.sh
4-variables.sh
5-arrays.sh
6-loops.sh
7-functions.sh
8-colours.sh
9-logsandredirects.sh
logs
output.txt
practice
shell.log
1-variable.sh*	 4-variables.sh*  8-colours.sh*		  practice/
18.backup.sh*	 5-arrays.sh*	  9-logsandredirects.sh*  shell.log*
2-variable.sh*	 6-loops.sh*	  logs/
3-variables.sh*  7-functions.sh*  output.txt*
1-variable.sh
18.backup.sh
2-variable.sh
3-variables.sh
4-variables.sh
5-arrays.sh
6-loops.sh
7-functions.sh
8-colours.sh
9-logsandredirects.sh
logs
output.txt
practice
shell.log
Water
Bottle